// Jest Snapshot v1, https://goo.gl/fbAQLP

exports[`AddCar Component Testing AddCar Screenshot 1`] = `
Object {
  "asFragment": [Function],
  "baseElement": <body>
    <div>
      <section
        class="container w-100 d-flex justify-content-center align-items-center"
      >
        <div
          class="row"
        >
          <div
            class="col-md-10 w-100"
          >
            <h1
              class="text-primary"
            >
              Add New Car
            </h1>
            <form
              class="w-100"
            >
              <div
                class="mb-3"
              >
                <label
                  class="form-label text-primary"
                  for="carname"
                >
                  Car Name
                  <input
                    class="form-control"
                    id="carname"
                    name="name"
                    placeholder="Enter Car Name"
                    type="text"
                    value=""
                  />
                </label>
              </div>
              <div
                class="mb-3"
              >
                <label
                  class="form-label text-primary"
                  for="carPrice"
                >
                  Car Price
                  <input
                    class="form-control"
                    id="carPrice"
                    name="price"
                    placeholder="Enter Car Price"
                    type="number"
                    value=""
                  />
                </label>
              </div>
              <div
                class="mb-3"
              >
                <label
                  class="form-label text-primary"
                  for="carmodel"
                >
                  Car Model
                  <input
                    class="form-control"
                    id="carmodel"
                    name="model"
                    placeholder="Enter Car Model"
                    type="text"
                    value=""
                  />
                </label>
              </div>
              <div
                class="mb-3"
              >
                <label
                  class="form-label text-primary"
                  for="carImage"
                >
                  Car Image
                  <input
                    accept="image/*"
                    class="form-control"
                    id="carImage"
                    name="photo"
                    placeholder="Enter your image url"
                    type="file"
                  />
                </label>
              </div>
              <div
                class="mb-3"
              >
                <label
                  class="form-label text-primary"
                  for="carDescription"
                >
                  Car Description
                  <textarea
                    class="form-control"
                    id="carDescription"
                    name="description"
                    rows="3"
                  />
                </label>
              </div>
              <div
                class="mb-3"
              >
                <input
                  class="btn btn-primary"
                  type="submit"
                  value="Add Car"
                />
              </div>
            </form>
          </div>
        </div>
      </section>
    </div>
  </body>,
  "container": <div>
    <section
      class="container w-100 d-flex justify-content-center align-items-center"
    >
      <div
        class="row"
      >
        <div
          class="col-md-10 w-100"
        >
          <h1
            class="text-primary"
          >
            Add New Car
          </h1>
          <form
            class="w-100"
          >
            <div
              class="mb-3"
            >
              <label
                class="form-label text-primary"
                for="carname"
              >
                Car Name
                <input
                  class="form-control"
                  id="carname"
                  name="name"
                  placeholder="Enter Car Name"
                  type="text"
                  value=""
                />
              </label>
            </div>
            <div
              class="mb-3"
            >
              <label
                class="form-label text-primary"
                for="carPrice"
              >
                Car Price
                <input
                  class="form-control"
                  id="carPrice"
                  name="price"
                  placeholder="Enter Car Price"
                  type="number"
                  value=""
                />
              </label>
            </div>
            <div
              class="mb-3"
            >
              <label
                class="form-label text-primary"
                for="carmodel"
              >
                Car Model
                <input
                  class="form-control"
                  id="carmodel"
                  name="model"
                  placeholder="Enter Car Model"
                  type="text"
                  value=""
                />
              </label>
            </div>
            <div
              class="mb-3"
            >
              <label
                class="form-label text-primary"
                for="carImage"
              >
                Car Image
                <input
                  accept="image/*"
                  class="form-control"
                  id="carImage"
                  name="photo"
                  placeholder="Enter your image url"
                  type="file"
                />
              </label>
            </div>
            <div
              class="mb-3"
            >
              <label
                class="form-label text-primary"
                for="carDescription"
              >
                Car Description
                <textarea
                  class="form-control"
                  id="carDescription"
                  name="description"
                  rows="3"
                />
              </label>
            </div>
            <div
              class="mb-3"
            >
              <input
                class="btn btn-primary"
                type="submit"
                value="Add Car"
              />
            </div>
          </form>
        </div>
      </div>
    </section>
  </div>,
  "debug": [Function],
  "findAllByAltText": [Function],
  "findAllByDisplayValue": [Function],
  "findAllByLabelText": [Function],
  "findAllByPlaceholderText": [Function],
  "findAllByRole": [Function],
  "findAllByTestId": [Function],
  "findAllByText": [Function],
  "findAllByTitle": [Function],
  "findByAltText": [Function],
  "findByDisplayValue": [Function],
  "findByLabelText": [Function],
  "findByPlaceholderText": [Function],
  "findByRole": [Function],
  "findByTestId": [Function],
  "findByText": [Function],
  "findByTitle": [Function],
  "getAllByAltText": [Function],
  "getAllByDisplayValue": [Function],
  "getAllByLabelText": [Function],
  "getAllByPlaceholderText": [Function],
  "getAllByRole": [Function],
  "getAllByTestId": [Function],
  "getAllByText": [Function],
  "getAllByTitle": [Function],
  "getByAltText": [Function],
  "getByDisplayValue": [Function],
  "getByLabelText": [Function],
  "getByPlaceholderText": [Function],
  "getByRole": [Function],
  "getByTestId": [Function],
  "getByText": [Function],
  "getByTitle": [Function],
  "queryAllByAltText": [Function],
  "queryAllByDisplayValue": [Function],
  "queryAllByLabelText": [Function],
  "queryAllByPlaceholderText": [Function],
  "queryAllByRole": [Function],
  "queryAllByTestId": [Function],
  "queryAllByText": [Function],
  "queryAllByTitle": [Function],
  "queryByAltText": [Function],
  "queryByDisplayValue": [Function],
  "queryByLabelText": [Function],
  "queryByPlaceholderText": [Function],
  "queryByRole": [Function],
  "queryByTestId": [Function],
  "queryByText": [Function],
  "queryByTitle": [Function],
  "rerender": [Function],
  "unmount": [Function],
}
`;
