// Jest Snapshot v1, https://goo.gl/fbAQLP

exports[`Login Component Testing Login Screenshot 1`] = `
Object {
  "asFragment": [Function],
  "baseElement": <body>
    <div>
      <div
        class="form"
      >
        <form>
          <h2>
            Sign In
          </h2>
          <input
            id="username"
            placeholder="username"
            type="text"
            value=""
          />
          <div
            class="red"
          >
            username is invalid, please check the username submitted
          </div>
          <div
            class="form-btn"
          >
            <button
              type="submit"
            >
              Login
            </button>
          </div>
          <p>
            Don't have an account?
            <a
              href="/signup"
            >
               sign up
            </a>
          </p>
        </form>
      </div>
    </div>
  </body>,
  "container": <div>
    <div
      class="form"
    >
      <form>
        <h2>
          Sign In
        </h2>
        <input
          id="username"
          placeholder="username"
          type="text"
          value=""
        />
        <div
          class="red"
        >
          username is invalid, please check the username submitted
        </div>
        <div
          class="form-btn"
        >
          <button
            type="submit"
          >
            Login
          </button>
        </div>
        <p>
          Don't have an account?
          <a
            href="/signup"
          >
             sign up
          </a>
        </p>
      </form>
    </div>
  </div>,
  "debug": [Function],
  "findAllByAltText": [Function],
  "findAllByDisplayValue": [Function],
  "findAllByLabelText": [Function],
  "findAllByPlaceholderText": [Function],
  "findAllByRole": [Function],
  "findAllByTestId": [Function],
  "findAllByText": [Function],
  "findAllByTitle": [Function],
  "findByAltText": [Function],
  "findByDisplayValue": [Function],
  "findByLabelText": [Function],
  "findByPlaceholderText": [Function],
  "findByRole": [Function],
  "findByTestId": [Function],
  "findByText": [Function],
  "findByTitle": [Function],
  "getAllByAltText": [Function],
  "getAllByDisplayValue": [Function],
  "getAllByLabelText": [Function],
  "getAllByPlaceholderText": [Function],
  "getAllByRole": [Function],
  "getAllByTestId": [Function],
  "getAllByText": [Function],
  "getAllByTitle": [Function],
  "getByAltText": [Function],
  "getByDisplayValue": [Function],
  "getByLabelText": [Function],
  "getByPlaceholderText": [Function],
  "getByRole": [Function],
  "getByTestId": [Function],
  "getByText": [Function],
  "getByTitle": [Function],
  "queryAllByAltText": [Function],
  "queryAllByDisplayValue": [Function],
  "queryAllByLabelText": [Function],
  "queryAllByPlaceholderText": [Function],
  "queryAllByRole": [Function],
  "queryAllByTestId": [Function],
  "queryAllByText": [Function],
  "queryAllByTitle": [Function],
  "queryByAltText": [Function],
  "queryByDisplayValue": [Function],
  "queryByLabelText": [Function],
  "queryByPlaceholderText": [Function],
  "queryByRole": [Function],
  "queryByTestId": [Function],
  "queryByText": [Function],
  "queryByTitle": [Function],
  "rerender": [Function],
  "unmount": [Function],
}
`;
